// Jest Snapshot v1, https://goo.gl/fbAQLP

exports[`<CropsPage/> renders correctly 1`] = `
<View
  style={
    [
      {
        "backgroundColor": "#97A5BF",
        "height": "100%",
      },
      false,
    ]
  }
>
  <View
    style={
      [
        {
          "backgroundColor": "#F1DDBF",
          "borderColor": "#1E1E1E",
          "borderWidth": 1,
          "padding": 18,
        },
        false,
      ]
    }
  >
    <Text
      style={
        [
          {
            "alignContent": "center",
            "fontFamily": "Domine-Medium",
            "fontSize": 42,
            "textAlign": "right",
          },
          false,
        ]
      }
    >
      Add Crop
    </Text>
  </View>
  <View>
    <View
      style={
        {
          "alignItems": "center",
          "height": 40,
          "justifyContent": "center",
          "marginLeft": 10,
          "width": 40,
        }
      }
    >
      <View
        accessibilityState={
          {
            "busy": undefined,
            "checked": undefined,
            "disabled": undefined,
            "expanded": undefined,
            "selected": undefined,
          }
        }
        accessibilityValue={
          {
            "max": undefined,
            "min": undefined,
            "now": undefined,
            "text": undefined,
          }
        }
        accessible={true}
        collapsable={false}
        focusable={true}
        onClick={[Function]}
        onResponderGrant={[Function]}
        onResponderMove={[Function]}
        onResponderRelease={[Function]}
        onResponderTerminate={[Function]}
        onResponderTerminationRequest={[Function]}
        onStartShouldSetResponder={[Function]}
        style={
          {
            "opacity": 1,
          }
        }
        testID=""
      >
        <Image
          source={1}
          style={{}}
        />
      </View>
    </View>
  </View>
  <RCTScrollView>
    <View>
      <View
        style={
          {
            "marginTop": 20,
          }
        }
      />
      <Text
        style={
          [
            {
              "alignSelf": "flex-start",
              "backgroundColor": "white",
              "borderColor": "white",
              "fontFamily": "Domine-Regular",
              "fontSize": 16,
              "marginLeft": "15%",
              "marginTop": -15,
              "zIndex": 10,
            },
            false,
          ]
        }
      >
        Crop Name
      </Text>
      <View
        style={
          {
            "paddingHorizontal": 10,
            "width": "100%",
          }
        }
      >
        <View
          collapsable={false}
          style={
            {
              "alignItems": "center",
              "backgroundColor": "white",
              "borderBottomWidth": 2,
              "borderColor": "#1E1E1E",
              "borderRadius": 12,
              "borderWidth": 2,
              "flexDirection": "row",
              "height": 40,
              "marginLeft": "5%",
              "marginRight": "5%",
              "marginTop": -5,
              "overflow": "hidden",
              "transform": [
                {
                  "translateX": 0,
                },
              ],
              "width": "90%",
              "zIndex": 1,
            }
          }
        >
          <TextInput
            editable={true}
            maxLength={128}
            placeholderTextColor="#86939e"
            readOnly={true}
            style={
              {
                "color": "#242424",
                "flex": 1,
                "fontSize": 16,
                "minHeight": 40,
              }
            }
            testID="RNE__Input__text-input"
            underlineColorAndroid="transparent"
            value="temp"
          />
        </View>
        <Text
          style={
            {
              "color": "#ff190c",
              "fontSize": 12,
              "margin": 5,
            }
          }
        />
      </View>
      <Text
        style={
          [
            {
              "alignSelf": "flex-start",
              "backgroundColor": "white",
              "borderColor": "white",
              "fontFamily": "Domine-Regular",
              "fontSize": 16,
              "marginLeft": "15%",
              "marginTop": -15,
              "zIndex": 10,
            },
            false,
          ]
        }
      >
        Variety
      </Text>
      <View
        style={
          {
            "paddingHorizontal": 10,
            "width": "100%",
          }
        }
      >
        <View
          collapsable={false}
          style={
            {
              "alignItems": "center",
              "backgroundColor": "white",
              "borderBottomWidth": 2,
              "borderColor": "#1E1E1E",
              "borderRadius": 12,
              "borderWidth": 2,
              "flexDirection": "row",
              "height": 40,
              "marginLeft": "5%",
              "marginRight": "5%",
              "marginTop": -5,
              "overflow": "hidden",
              "transform": [
                {
                  "translateX": 0,
                },
              ],
              "width": "90%",
              "zIndex": 1,
            }
          }
        >
          <TextInput
            editable={true}
            maxLength={128}
            placeholderTextColor="#86939e"
            readOnly={true}
            style={
              {
                "color": "#242424",
                "flex": 1,
                "fontSize": 16,
                "minHeight": 40,
              }
            }
            testID="RNE__Input__text-input"
            underlineColorAndroid="transparent"
            value="Test"
          />
        </View>
        <Text
          style={
            {
              "color": "#ff190c",
              "fontSize": 12,
              "margin": 5,
            }
          }
        />
      </View>
      <Text
        style={
          [
            {
              "alignSelf": "flex-start",
              "backgroundColor": "white",
              "borderColor": "white",
              "fontFamily": "Domine-Regular",
              "fontSize": 16,
              "marginLeft": "15%",
              "marginTop": -15,
              "zIndex": 10,
            },
            false,
          ]
        }
      >
        Source
      </Text>
      <View
        style={
          {
            "paddingHorizontal": 10,
            "width": "100%",
          }
        }
      >
        <View
          collapsable={false}
          style={
            {
              "alignItems": "center",
              "backgroundColor": "white",
              "borderBottomWidth": 2,
              "borderColor": "#1E1E1E",
              "borderRadius": 12,
              "borderWidth": 2,
              "flexDirection": "row",
              "height": 40,
              "marginLeft": "5%",
              "marginRight": "5%",
              "marginTop": -5,
              "overflow": "hidden",
              "transform": [
                {
                  "translateX": 0,
                },
              ],
              "width": "90%",
              "zIndex": 1,
            }
          }
        >
          <TextInput
            editable={true}
            maxLength={128}
            placeholderTextColor="#86939e"
            readOnly={true}
            style={
              {
                "color": "#242424",
                "flex": 1,
                "fontSize": 16,
                "minHeight": 40,
              }
            }
            testID="RNE__Input__text-input"
            underlineColorAndroid="transparent"
            value="The store"
          />
        </View>
        <Text
          style={
            {
              "color": "#ff190c",
              "fontSize": 12,
              "margin": 5,
            }
          }
        />
      </View>
      <Text
        style={
          [
            {
              "alignSelf": "flex-start",
              "backgroundColor": "white",
              "borderColor": "white",
              "fontFamily": "Domine-Regular",
              "fontSize": 16,
              "marginLeft": "15%",
              "marginTop": -15,
              "zIndex": 10,
            },
            false,
          ]
        }
      >
        Date Planted
      </Text>
      <View
        style={
          {
            "paddingHorizontal": 10,
            "width": "100%",
          }
        }
      >
        <View
          collapsable={false}
          style={
            {
              "alignItems": "center",
              "backgroundColor": "white",
              "borderBottomWidth": 2,
              "borderColor": "#1E1E1E",
              "borderRadius": 12,
              "borderWidth": 2,
              "flexDirection": "row",
              "height": 40,
              "marginLeft": "5%",
              "marginRight": "5%",
              "marginTop": -5,
              "overflow": "hidden",
              "transform": [
                {
                  "translateX": 0,
                },
              ],
              "width": "90%",
              "zIndex": 1,
            }
          }
        >
          <TextInput
            editable={true}
            maxLength={10}
            placeholderTextColor="#86939e"
            readOnly={true}
            style={
              {
                "color": "#242424",
                "flex": 1,
                "fontSize": 16,
                "minHeight": 40,
              }
            }
            testID="RNE__Input__text-input"
            underlineColorAndroid="transparent"
          />
        </View>
        <Text
          style={
            {
              "color": "#ff190c",
              "fontSize": 12,
              "margin": 5,
            }
          }
        />
      </View>
      <Text
        style={
          [
            {
              "alignSelf": "flex-start",
              "backgroundColor": "white",
              "borderColor": "white",
              "fontFamily": "Domine-Regular",
              "fontSize": 16,
              "marginLeft": "15%",
              "marginTop": -15,
              "zIndex": 10,
            },
            false,
          ]
        }
      >
        Location
      </Text>
      <View
        style={
          {
            "paddingHorizontal": 10,
            "width": "100%",
          }
        }
      >
        <View
          collapsable={false}
          style={
            {
              "alignItems": "center",
              "backgroundColor": "white",
              "borderBottomWidth": 2,
              "borderColor": "#1E1E1E",
              "borderRadius": 12,
              "borderWidth": 2,
              "flexDirection": "row",
              "height": 40,
              "marginLeft": "5%",
              "marginRight": "5%",
              "marginTop": -5,
              "overflow": "hidden",
              "transform": [
                {
                  "translateX": 0,
                },
              ],
              "width": "90%",
              "zIndex": 1,
            }
          }
        >
          <TextInput
            editable={true}
            maxLength={128}
            placeholderTextColor="#86939e"
            readOnly={true}
            style={
              {
                "color": "#242424",
                "flex": 1,
                "fontSize": 16,
                "minHeight": 40,
              }
            }
            testID="RNE__Input__text-input"
            underlineColorAndroid="transparent"
            value="Lorem Ipsum"
          />
        </View>
        <Text
          style={
            {
              "color": "#ff190c",
              "fontSize": 12,
              "margin": 5,
            }
          }
        />
      </View>
      <Text
        style={
          [
            {
              "alignSelf": "flex-start",
              "backgroundColor": "white",
              "borderColor": "white",
              "fontFamily": "Domine-Regular",
              "fontSize": 16,
              "marginLeft": "15%",
              "marginTop": -15,
              "zIndex": 10,
            },
            false,
          ]
        }
      >
        Comments
      </Text>
      <View
        style={
          {
            "paddingHorizontal": 10,
            "width": "100%",
          }
        }
      >
        <View
          collapsable={false}
          style={
            {
              "alignItems": "center",
              "backgroundColor": "white",
              "borderBottomWidth": 2,
              "borderColor": "#1E1E1E",
              "borderRadius": 12,
              "borderWidth": 2,
              "flexDirection": "row",
              "height": 40,
              "marginLeft": "5%",
              "marginRight": "5%",
              "marginTop": -5,
              "overflow": "hidden",
              "transform": [
                {
                  "translateX": 0,
                },
              ],
              "width": "90%",
              "zIndex": 1,
            }
          }
        >
          <TextInput
            editable={true}
            maxLength={1024}
            placeholderTextColor="#86939e"
            readOnly={true}
            style={
              {
                "color": "#242424",
                "flex": 1,
                "fontSize": 16,
                "minHeight": 40,
              }
            }
            testID="RNE__Input__text-input"
            underlineColorAndroid="transparent"
            value="Who knows"
          />
        </View>
        <Text
          style={
            {
              "color": "#ff190c",
              "fontSize": 12,
              "margin": 5,
            }
          }
        />
      </View>
      <Text
        style={
          [
            {
              "alignSelf": "flex-start",
              "backgroundColor": "white",
              "borderColor": "white",
              "fontFamily": "Domine-Regular",
              "fontSize": 16,
              "marginLeft": "15%",
              "marginTop": -15,
              "zIndex": 10,
            },
            false,
          ]
        }
      >
        Started Indoors?
      </Text>
      <View
        style={
          {
            "paddingHorizontal": 10,
            "width": "100%",
          }
        }
      >
        <View
          collapsable={false}
          style={
            {
              "alignItems": "center",
              "backgroundColor": "white",
              "borderBottomWidth": 2,
              "borderColor": "#1E1E1E",
              "borderRadius": 12,
              "borderWidth": 2,
              "flexDirection": "row",
              "height": 40,
              "marginLeft": "5%",
              "marginRight": "5%",
              "marginTop": -5,
              "overflow": "hidden",
              "transform": [
                {
                  "translateX": 0,
                },
              ],
              "width": "90%",
              "zIndex": 1,
            }
          }
        >
          <TextInput
            editable={true}
            maxLength={3}
            placeholderTextColor="#86939e"
            readOnly={true}
            style={
              {
                "color": "#242424",
                "flex": 1,
                "fontSize": 16,
                "minHeight": 40,
              }
            }
            testID="RNE__Input__text-input"
            underlineColorAndroid="transparent"
            value="Maybe"
          />
        </View>
        <Text
          style={
            {
              "color": "#ff190c",
              "fontSize": 12,
              "margin": 5,
            }
          }
        />
      </View>
      <Text
        style={
          [
            {
              "alignSelf": "flex-start",
              "backgroundColor": "white",
              "borderColor": "white",
              "fontFamily": "Domine-Regular",
              "fontSize": 16,
              "marginLeft": "15%",
              "marginTop": -15,
              "zIndex": 10,
            },
            false,
          ]
        }
      >
        Active
      </Text>
      <View
        style={
          {
            "paddingHorizontal": 10,
            "width": "100%",
          }
        }
      >
        <View
          collapsable={false}
          style={
            {
              "alignItems": "center",
              "backgroundColor": "white",
              "borderBottomWidth": 2,
              "borderColor": "#1E1E1E",
              "borderRadius": 12,
              "borderWidth": 2,
              "flexDirection": "row",
              "height": 40,
              "marginLeft": "5%",
              "marginRight": "5%",
              "marginTop": -5,
              "overflow": "hidden",
              "transform": [
                {
                  "translateX": 0,
                },
              ],
              "width": "90%",
              "zIndex": 1,
            }
          }
        >
          <TextInput
            editable={true}
            maxLength={3}
            placeholderTextColor="#86939e"
            readOnly={true}
            style={
              {
                "color": "#242424",
                "flex": 1,
                "fontSize": 16,
                "minHeight": 40,
              }
            }
            testID="RNE__Input__text-input"
            underlineColorAndroid="transparent"
            value="NaN"
          />
        </View>
        <Text
          style={
            {
              "color": "#ff190c",
              "fontSize": 12,
              "margin": 5,
            }
          }
        />
      </View>
      <Text
        style={
          [
            {
              "alignSelf": "flex-start",
              "backgroundColor": "white",
              "borderColor": "white",
              "fontFamily": "Domine-Regular",
              "fontSize": 16,
              "marginLeft": "15%",
              "marginTop": -15,
              "zIndex": 10,
            },
            false,
          ]
        }
      >
        Type
      </Text>
      <View
        style={
          {
            "paddingHorizontal": 10,
            "width": "100%",
          }
        }
      >
        <View
          collapsable={false}
          style={
            {
              "alignItems": "center",
              "backgroundColor": "white",
              "borderBottomWidth": 2,
              "borderColor": "#1E1E1E",
              "borderRadius": 12,
              "borderWidth": 2,
              "flexDirection": "row",
              "height": 40,
              "marginLeft": "5%",
              "marginRight": "5%",
              "marginTop": -5,
              "overflow": "hidden",
              "transform": [
                {
                  "translateX": 0,
                },
              ],
              "width": "90%",
              "zIndex": 1,
            }
          }
        >
          <TextInput
            editable={true}
            maxLength={64}
            placeholderTextColor="#86939e"
            readOnly={true}
            style={
              {
                "color": "#242424",
                "flex": 1,
                "fontSize": 16,
                "minHeight": 40,
              }
            }
            testID="RNE__Input__text-input"
            underlineColorAndroid="transparent"
            value="Weird"
          />
        </View>
        <Text
          style={
            {
              "color": "#ff190c",
              "fontSize": 12,
              "margin": 5,
            }
          }
        />
      </View>
      <Text
        style={
          [
            {
              "alignSelf": "flex-start",
              "backgroundColor": "white",
              "borderColor": "white",
              "fontFamily": "Domine-Regular",
              "fontSize": 16,
              "marginLeft": "15%",
              "marginTop": -15,
              "zIndex": 10,
            },
            false,
          ]
        }
      >
        HRF Number
      </Text>
      <View
        style={
          {
            "paddingHorizontal": 10,
            "width": "100%",
          }
        }
      >
        <View
          collapsable={false}
          style={
            {
              "alignItems": "center",
              "backgroundColor": "white",
              "borderBottomWidth": 2,
              "borderColor": "#1E1E1E",
              "borderRadius": 12,
              "borderWidth": 2,
              "flexDirection": "row",
              "height": 40,
              "marginLeft": "5%",
              "marginRight": "5%",
              "marginTop": -5,
              "overflow": "hidden",
              "transform": [
                {
                  "translateX": 0,
                },
              ],
              "width": "90%",
              "zIndex": 1,
            }
          }
        >
          <TextInput
            editable={true}
            maxLength={64}
            placeholderTextColor="#86939e"
            readOnly={true}
            style={
              {
                "color": "#242424",
                "flex": 1,
                "fontSize": 16,
                "minHeight": 40,
              }
            }
            testID="RNE__Input__text-input"
            underlineColorAndroid="transparent"
            value="00"
          />
        </View>
        <Text
          style={
            {
              "color": "#ff190c",
              "fontSize": 12,
              "margin": 5,
            }
          }
        />
      </View>
      <Text
        style={
          [
            {
              "alignSelf": "flex-start",
              "backgroundColor": "white",
              "borderColor": "white",
              "fontFamily": "Domine-Regular",
              "fontSize": 16,
              "marginLeft": "15%",
              "marginTop": -15,
              "zIndex": 10,
            },
            false,
          ]
        }
      >
        Visible
      </Text>
      <View
        style={
          {
            "paddingHorizontal": 10,
            "width": "100%",
          }
        }
      >
        <View
          collapsable={false}
          style={
            {
              "alignItems": "center",
              "backgroundColor": "white",
              "borderBottomWidth": 2,
              "borderColor": "#1E1E1E",
              "borderRadius": 12,
              "borderWidth": 2,
              "flexDirection": "row",
              "height": 40,
              "marginLeft": "5%",
              "marginRight": "5%",
              "marginTop": -5,
              "overflow": "hidden",
              "transform": [
                {
                  "translateX": 0,
                },
              ],
              "width": "90%",
              "zIndex": 1,
            }
          }
        >
          <TextInput
            editable={true}
            maxLength={64}
            placeholderTextColor="#86939e"
            readOnly={true}
            style={
              {
                "color": "#242424",
                "flex": 1,
                "fontSize": 16,
                "minHeight": 40,
              }
            }
            testID="RNE__Input__text-input"
            underlineColorAndroid="transparent"
          />
        </View>
        <Text
          style={
            {
              "color": "#ff190c",
              "fontSize": 12,
              "margin": 5,
            }
          }
        />
      </View>
      <Text
        style={
          [
            {
              "alignSelf": "flex-start",
              "backgroundColor": "white",
              "borderColor": "white",
              "fontFamily": "Domine-Regular",
              "fontSize": 16,
              "marginLeft": "15%",
              "marginTop": -15,
              "zIndex": 10,
            },
            false,
          ]
        }
      >
        Yield
      </Text>
      <View
        style={
          {
            "paddingHorizontal": 10,
            "width": "100%",
          }
        }
      >
        <View
          collapsable={false}
          style={
            {
              "alignItems": "center",
              "backgroundColor": "white",
              "borderBottomWidth": 2,
              "borderColor": "#1E1E1E",
              "borderRadius": 12,
              "borderWidth": 2,
              "flexDirection": "row",
              "height": 40,
              "marginLeft": "5%",
              "marginRight": "5%",
              "marginTop": -5,
              "overflow": "hidden",
              "transform": [
                {
                  "translateX": 0,
                },
              ],
              "width": "90%",
              "zIndex": 1,
            }
          }
        >
          <TextInput
            editable={true}
            maxLength={64}
            placeholderTextColor="#86939e"
            readOnly={true}
            style={
              {
                "color": "#242424",
                "flex": 1,
                "fontSize": 16,
                "minHeight": 40,
              }
            }
            testID="RNE__Input__text-input"
            underlineColorAndroid="transparent"
          />
        </View>
        <Text
          style={
            {
              "color": "#ff190c",
              "fontSize": 12,
              "margin": 5,
            }
          }
        />
      </View>
    </View>
  </RCTScrollView>
  <View
    style={
      {
        "marginTop": 20,
      }
    }
  />
  <View
    style={
      {
        "marginTop": 20,
      }
    }
  />
  <View
    accessibilityState={
      {
        "busy": undefined,
        "checked": undefined,
        "disabled": undefined,
        "expanded": undefined,
        "selected": undefined,
      }
    }
    accessibilityValue={
      {
        "max": undefined,
        "min": undefined,
        "now": undefined,
        "text": undefined,
      }
    }
    accessible={true}
    collapsable={false}
    focusable={true}
    onBlur={[Function]}
    onClick={[Function]}
    onFocus={[Function]}
    onResponderGrant={[Function]}
    onResponderMove={[Function]}
    onResponderRelease={[Function]}
    onResponderTerminate={[Function]}
    onResponderTerminationRequest={[Function]}
    onStartShouldSetResponder={[Function]}
    style={
      {
        "alignItems": "center",
        "backgroundColor": "#00DC40",
        "borderRadius": 10,
        "bottom": 20,
        "left": "30%",
        "padding": 15,
        "position": "absolute",
        "right": "30%",
      }
    }
  >
    <Text
      style={
        {
          "color": "white",
          "fontSize": 16,
          "fontWeight": "bold",
        }
      }
    >
      Enable Edit
    </Text>
  </View>
</View>
`;
